Release 14.7 - xst P.20131013 (nt64)
Copyright (c) 1995-2013 Xilinx, Inc.  All rights reserved.
--> Parameter TMPDIR set to xst/projnav.tmp


Total REAL time to Xst completion: 0.00 secs
Total CPU time to Xst completion: 0.08 secs
 
--> Parameter xsthdpdir set to xst


Total REAL time to Xst completion: 0.00 secs
Total CPU time to Xst completion: 0.08 secs
 
--> Reading design: first_design.prj

TABLE OF CONTENTS
  1) Synthesis Options Summary
  2) HDL Compilation
  3) Design Hierarchy Analysis
  4) HDL Analysis
  5) HDL Synthesis
     5.1) HDL Synthesis Report
  6) Advanced HDL Synthesis
     6.1) Advanced HDL Synthesis Report
  7) Low Level Synthesis
  8) Partition Report
  9) Final Report
	9.1) Device utilization summary
	9.2) Partition Resource Summary
	9.3) TIMING REPORT


=========================================================================
*                      Synthesis Options Summary                        *
=========================================================================
---- Source Parameters
Input File Name                    : "first_design.prj"
Input Format                       : mixed
Ignore Synthesis Constraint File   : NO

---- Target Parameters
Output File Name                   : "first_design"
Output Format                      : NGC
Target Device                      : xc3s50-5-pq208

---- Source Options
Top Module Name                    : first_design
Automatic FSM Extraction           : YES
FSM Encoding Algorithm             : Sequential
Safe Implementation                : No
FSM Style                          : LUT
RAM Extraction                     : Yes
RAM Style                          : Auto
ROM Extraction                     : Yes
Mux Style                          : Auto
Decoder Extraction                 : YES
Priority Encoder Extraction        : Yes
Shift Register Extraction          : YES
Logical Shifter Extraction         : YES
XOR Collapsing                     : YES
ROM Style                          : Auto
Mux Extraction                     : Yes
Resource Sharing                   : YES
Asynchronous To Synchronous        : NO
Multiplier Style                   : Auto
Automatic Register Balancing       : Yes

---- Target Options
Add IO Buffers                     : YES
Global Maximum Fanout              : 100000
Add Generic Clock Buffer(BUFG)     : 8
Register Duplication               : YES
Move First FlipFlop Stage          : YES
Move Last FlipFlop Stage           : YES
Slice Packing                      : YES
Optimize Instantiated Primitives   : NO
Use Clock Enable                   : Yes
Use Synchronous Set                : Yes
Use Synchronous Reset              : Yes
Pack IO Registers into IOBs        : True
Equivalent register Removal        : YES

---- General Options
Optimization Goal                  : Speed
Optimization Effort                : 2
Keep Hierarchy                     : No
Netlist Hierarchy                  : As_Optimized
RTL Output                         : Yes
Global Optimization                : AllClockNets
Read Cores                         : YES
Write Timing Constraints           : NO
Cross Clock Analysis               : NO
Hierarchy Separator                : /
Bus Delimiter                      : <>
Case Specifier                     : Maintain
Slice Utilization Ratio            : 100
BRAM Utilization Ratio             : 100
Verilog 2001                       : YES
Auto BRAM Packing                  : NO
Slice Utilization Ratio Delta      : 5

=========================================================================

Setting FSM Encoding Algorithm to : SEQ


=========================================================================
*                          HDL Compilation                              *
=========================================================================
Compiling vhdl file "C:/Users/NO GO BE/OneDrive/Desktop/Code/Integrated circuit design/lab02/first_design.vhd" in Library work.
Architecture behavioral of Entity first_design is up to date.

=========================================================================
*                     Design Hierarchy Analysis                         *
=========================================================================
Analyzing hierarchy for entity <first_design> in library <work> (architecture <behavioral>).


=========================================================================
*                            HDL Analysis                               *
=========================================================================
Analyzing Entity <first_design> in library <work> (Architecture <behavioral>).
Entity <first_design> analyzed. Unit <first_design> generated.


=========================================================================
*                           HDL Synthesis                               *
=========================================================================

Performing bidirectional port resolution...

Synthesizing Unit <first_design>.
    Related source file is "C:/Users/NO GO BE/OneDrive/Desktop/Code/Integrated circuit design/lab02/first_design.vhd".
INFO:Xst:2117 - HDL ADVISOR - Mux Selector <currentState> of Case statement line 0 was re-encoded using one-hot encoding. The case statement will be optimized (default statement optimization), but this optimization may lead to design initialization problems. To ensure the design works safely, you can:
   	- add an 'INIT' attribute on signal <currentState> (optimization is then done without any risk)
   	- use the attribute 'signal_encoding user' to avoid onehot optimization
   	- use the attribute 'safe_implementation yes' to force XST to perform a safe (but less efficient) optimization
    Using one-hot encoding for signal <currentState>.
INFO:Xst:2117 - HDL ADVISOR - Mux Selector <currentState> of Case statement line 0 was re-encoded using one-hot encoding. The case statement will be optimized (default statement optimization), but this optimization may lead to design initialization problems. To ensure the design works safely, you can:
   	- add an 'INIT' attribute on signal <currentState> (optimization is then done without any risk)
   	- use the attribute 'signal_encoding user' to avoid onehot optimization
   	- use the attribute 'safe_implementation yes' to force XST to perform a safe (but less efficient) optimization
INFO:Xst:2117 - HDL ADVISOR - Mux Selector <currentState> of Case statement line 0 was re-encoded using one-hot encoding. The case statement will be optimized (default statement optimization), but this optimization may lead to design initialization problems. To ensure the design works safely, you can:
   	- add an 'INIT' attribute on signal <currentState> (optimization is then done without any risk)
   	- use the attribute 'signal_encoding user' to avoid onehot optimization
   	- use the attribute 'safe_implementation yes' to force XST to perform a safe (but less efficient) optimization
INFO:Xst:2117 - HDL ADVISOR - Mux Selector <currentState> of Case statement line 0 was re-encoded using one-hot encoding. The case statement will be optimized (default statement optimization), but this optimization may lead to design initialization problems. To ensure the design works safely, you can:
   	- add an 'INIT' attribute on signal <currentState> (optimization is then done without any risk)
   	- use the attribute 'signal_encoding user' to avoid onehot optimization
   	- use the attribute 'safe_implementation yes' to force XST to perform a safe (but less efficient) optimization
INFO:Xst:2117 - HDL ADVISOR - Mux Selector <currentState> of Case statement line 0 was re-encoded using one-hot encoding. The case statement will be optimized (default statement optimization), but this optimization may lead to design initialization problems. To ensure the design works safely, you can:
   	- add an 'INIT' attribute on signal <currentState> (optimization is then done without any risk)
   	- use the attribute 'signal_encoding user' to avoid onehot optimization
   	- use the attribute 'safe_implementation yes' to force XST to perform a safe (but less efficient) optimization
    Found 6-bit register for signal <currentState>.
Unit <first_design> synthesized.


=========================================================================
HDL Synthesis Report

Macro Statistics
# Registers                                            : 1
 6-bit register                                        : 1

=========================================================================

=========================================================================
*                       Advanced HDL Synthesis                          *
=========================================================================


=========================================================================
Advanced HDL Synthesis Report

Macro Statistics
# Registers                                            : 6
 Flip-Flops                                            : 6

=========================================================================

=========================================================================
*                         Low Level Synthesis                           *
=========================================================================

Optimizing unit <first_design> ...

Mapping all equations...
Building and optimizing final netlist ...
Found area constraint ratio of 100 (+ 5) on block first_design, actual ratio is 1.
Replicating register currentState_4 to handle IOB=TRUE attribute
Replicating register currentState_5 to handle IOB=TRUE attribute


Final Macro Processing ...

=========================================================================
Final Register Report

Macro Statistics
# Registers                                            : 8
 Flip-Flops                                            : 8

=========================================================================

=========================================================================
*                           Partition Report                            *
=========================================================================

Partition Implementation Status
-------------------------------

  No Partitions were found in this design.

-------------------------------

=========================================================================
*                            Final Report                               *
=========================================================================
Final Results
RTL Top Level Output File Name     : first_design.ngr
Top Level Output File Name         : first_design
Output Format                      : NGC
Optimization Goal                  : Speed
Keep Hierarchy                     : No

Design Statistics
# IOs                              : 33

Cell Usage :
# BELS                             : 19
#      INV                         : 1
#      LUT2                        : 3
#      LUT4                        : 15
# FlipFlops/Latches                : 8
#      FDC                         : 7
#      FDP                         : 1
# Clock Buffers                    : 1
#      BUFGP                       : 1
# IO Buffers                       : 32
#      IBUF                        : 20
#      OBUF                        : 12
=========================================================================

Device utilization summary:
---------------------------

Selected Device : 3s50pq208-5 

 Number of Slices:                       10  out of    768     1%  
 Number of Slice Flip Flops:              6  out of   1536     0%  
 Number of 4 input LUTs:                 19  out of   1536     1%  
 Number of IOs:                          33
 Number of bonded IOBs:                  33  out of    124    26%  
    IOB Flip Flops:                       2
 Number of GCLKs:                         1  out of      8    12%  

---------------------------
Partition Resource Summary:
---------------------------

  No Partitions were found in this design.

---------------------------


=========================================================================
TIMING REPORT

NOTE: THESE TIMING NUMBERS ARE ONLY A SYNTHESIS ESTIMATE.
      FOR ACCURATE TIMING INFORMATION PLEASE REFER TO THE TRACE REPORT
      GENERATED AFTER PLACE-and-ROUTE.

Clock Information:
------------------
-----------------------------------+------------------------+-------+
Clock Signal                       | Clock buffer(FF name)  | Load  |
-----------------------------------+------------------------+-------+
clk                                | BUFGP                  | 8     |
-----------------------------------+------------------------+-------+

Asynchronous Control Signals Information:
----------------------------------------
-----------------------------------------------------+------------------------+-------+
Control Signal                                       | Buffer(FF name)        | Load  |
-----------------------------------------------------+------------------------+-------+
currentState_Acst_inv(currentState_Acst_inv1_INV_0:O)| NONE(currentState_0)   | 8     |
-----------------------------------------------------+------------------------+-------+

Timing Summary:
---------------
Speed Grade: -5

   Minimum period: 2.075ns (Maximum Frequency: 481.939MHz)
   Minimum input arrival time before clock: 2.571ns
   Maximum output required time after clock: 10.587ns
   Maximum combinational path delay: 7.985ns

Timing Detail:
--------------
All values displayed in nanoseconds (ns)

=========================================================================
Timing constraint: Default period analysis for Clock 'clk'
  Clock period: 2.075ns (frequency: 481.939MHz)
  Total number of paths / destination ports: 8 / 8
-------------------------------------------------------------------------
Delay:               2.075ns (Levels of Logic = 1)
  Source:            currentState_3 (FF)
  Destination:       currentState_5 (FF)
  Source Clock:      clk rising
  Destination Clock: clk rising

  Data Path: currentState_3 to currentState_5
                                Gate     Net
    Cell:in->out      fanout   Delay   Delay  Logical Name (Net Name)
    ----------------------------------------  ------------
     FDC:C->Q              3   0.626   0.794  currentState_3 (currentState_3)
     LUT4:I3->O            2   0.479   0.000  currentState_mux0002<0>1 (currentState_mux0002<0>)
     FDC:D                     0.176          currentState_5
    ----------------------------------------
    Total                      2.075ns (1.281ns logic, 0.794ns route)
                                       (61.7% logic, 38.3% route)

=========================================================================
Timing constraint: Default OFFSET IN BEFORE for Clock 'clk'
  Total number of paths / destination ports: 24 / 8
-------------------------------------------------------------------------
Offset:              2.571ns (Levels of Logic = 2)
  Source:            RD (PAD)
  Destination:       currentState_0 (FF)
  Destination Clock: clk rising

  Data Path: RD to currentState_0
                                Gate     Net
    Cell:in->out      fanout   Delay   Delay  Logical Name (Net Name)
    ----------------------------------------  ------------
     IBUF:I->O             7   0.715   1.201  RD_IBUF (RD_IBUF)
     LUT4:I0->O            1   0.479   0.000  currentState_mux0002<5>1 (currentState_mux0002<5>)
     FDP:D                     0.176          currentState_0
    ----------------------------------------
    Total                      2.571ns (1.370ns logic, 1.201ns route)
                                       (53.3% logic, 46.7% route)

=========================================================================
Timing constraint: Default OFFSET OUT AFTER for Clock 'clk'
  Total number of paths / destination ports: 44 / 12
-------------------------------------------------------------------------
Offset:              10.587ns (Levels of Logic = 4)
  Source:            currentState_2 (FF)
  Destination:       RE (PAD)
  Source Clock:      clk rising

  Data Path: currentState_2 to RE
                                Gate     Net
    Cell:in->out      fanout   Delay   Delay  Logical Name (Net Name)
    ----------------------------------------  ------------
     FDC:C->Q              2   0.626   1.040  currentState_2 (currentState_2)
     LUT2:I0->O            9   0.479   0.978  ADDROUT<0>11 (N01)
     LUT4:I3->O            2   0.479   0.915  ready (ready_OBUF)
     LUT2:I1->O            1   0.479   0.681  RE1 (RE_OBUF)
     OBUF:I->O                 4.909          RE_OBUF (RE)
    ----------------------------------------
    Total                     10.587ns (6.972ns logic, 3.615ns route)
                                       (65.9% logic, 34.1% route)

=========================================================================
Timing constraint: Default path analysis
  Total number of paths / destination ports: 17 / 9
-------------------------------------------------------------------------
Delay:               7.985ns (Levels of Logic = 3)
  Source:            RD (PAD)
  Destination:       RE (PAD)

  Data Path: RD to RE
                                Gate     Net
    Cell:in->out      fanout   Delay   Delay  Logical Name (Net Name)
    ----------------------------------------  ------------
     IBUF:I->O             7   0.715   1.201  RD_IBUF (RD_IBUF)
     LUT2:I0->O            1   0.479   0.681  RE1 (RE_OBUF)
     OBUF:I->O                 4.909          RE_OBUF (RE)
    ----------------------------------------
    Total                      7.985ns (6.103ns logic, 1.882ns route)
                                       (76.4% logic, 23.6% route)

=========================================================================


Total REAL time to Xst completion: 4.00 secs
Total CPU time to Xst completion: 3.71 secs
 
--> 

Total memory usage is 4505648 kilobytes

Number of errors   :    0 (   0 filtered)
Number of warnings :    0 (   0 filtered)
Number of infos    :    5 (   0 filtered)

