AR part1_standard behavioral "C:/Users/NO GO BE/OneDrive/Desktop/Code/Integrated circuit design/lab03/part1_standard/part1_standard.vhd" sub00/vhpl01 1591253425
EN part1_standard NULL "C:/Users/NO GO BE/OneDrive/Desktop/Code/Integrated circuit design/lab03/part1_standard/part1_standard.vhd" sub00/vhpl00 1591253424
