V3 3
FL "C:/Users/NO GO BE/OneDrive/Desktop/Code/Integrated circuit design/lab03/part1_standard/part1_standard.vhd" 2020/06/04.15:16:48 P.20131013
EN work/part1_standard 1591253424 \
      FL "C:/Users/NO GO BE/OneDrive/Desktop/Code/Integrated circuit design/lab03/part1_standard/part1_standard.vhd" \
      PB ieee/std_logic_1164 1381692176
AR work/part1_standard/Behavioral 1591253425 \
      FL "C:/Users/NO GO BE/OneDrive/Desktop/Code/Integrated circuit design/lab03/part1_standard/part1_standard.vhd" \
      EN work/part1_standard 1591253424
