--------------------------------------------------------------------------------
Release 14.7 Trace  (nt64)
Copyright (c) 1995-2013 Xilinx, Inc.  All rights reserved.

D:\14.7\ISE_DS\ISE\bin\nt64\unwrapped\trce.exe -intstyle ise -v 3 -s 5 -n 3
-fastpaths -xml seven_segment.twx seven_segment.ncd -o seven_segment.twr
seven_segment.pcf

Design file:              seven_segment.ncd
Physical constraint file: seven_segment.pcf
Device,package,speed:     xc3s50,pq208,-5 (PRODUCTION 1.39 2013-10-13)
Report level:             verbose report

Environment Variable      Effect 
--------------------      ------ 
NONE                      No environment variables were set
--------------------------------------------------------------------------------

INFO:Timing:2698 - No timing constraints found, doing default enumeration.
INFO:Timing:3412 - To improve timing, see the Timing Closure User Guide (UG612).
INFO:Timing:2752 - To get complete path coverage, use the unconstrained paths 
   option. All paths that are not constrained will be reported in the 
   unconstrained paths section(s) of the report.
INFO:Timing:3339 - The clock-to-out numbers in this timing report are based on 
   a 50 Ohm transmission line loading model.  For the details of this model, 
   and for more information on accounting for different loading conditions, 
   please see the device datasheet.
INFO:Timing:3390 - This architecture does not support a default System Jitter 
   value, please add SYSTEM_JITTER constraint to the UCF to modify the Clock 
   Uncertainty calculation.
INFO:Timing:3389 - This architecture does not support 'Discrete Jitter' and 
   'Phase Error' calculations, these terms will be zero in the Clock 
   Uncertainty calculation.  Please make appropriate modification to 
   SYSTEM_JITTER to account for the unsupported Discrete Jitter and Phase 
   Error.



Data Sheet report:
-----------------
All values displayed in nanoseconds (ns)

Pad to Pad
---------------+---------------+---------+
Source Pad     |Destination Pad|  Delay  |
---------------+---------------+---------+
PRN<0>         |Seg_Out<0>     |    7.125|
PRN<0>         |Seg_Out<1>     |    7.618|
PRN<0>         |Seg_Out<2>     |    7.813|
PRN<0>         |Seg_Out<3>     |    7.720|
PRN<0>         |Seg_Out<4>     |    7.635|
PRN<0>         |Seg_Out<5>     |    7.763|
PRN<0>         |Seg_Out<6>     |    7.581|
PRN<1>         |Seg_Out<0>     |    6.893|
PRN<1>         |Seg_Out<1>     |    6.983|
PRN<1>         |Seg_Out<2>     |    7.581|
PRN<1>         |Seg_Out<3>     |    6.886|
PRN<1>         |Seg_Out<4>     |    7.000|
PRN<1>         |Seg_Out<5>     |    6.929|
PRN<1>         |Seg_Out<6>     |    7.150|
PRN<2>         |Seg_Out<0>     |    7.154|
PRN<2>         |Seg_Out<1>     |    7.264|
PRN<2>         |Seg_Out<2>     |    7.842|
PRN<2>         |Seg_Out<3>     |    7.366|
PRN<2>         |Seg_Out<4>     |    7.281|
PRN<2>         |Seg_Out<5>     |    7.409|
PRN<2>         |Seg_Out<6>     |    7.610|
PRN<3>         |Seg_Out<0>     |    6.525|
PRN<3>         |Seg_Out<1>     |    6.893|
PRN<3>         |Seg_Out<2>     |    7.213|
PRN<3>         |Seg_Out<3>     |    6.565|
PRN<3>         |Seg_Out<4>     |    6.910|
PRN<3>         |Seg_Out<5>     |    6.608|
PRN<3>         |Seg_Out<6>     |    6.881|
display_en     |Seg_Out<0>     |    6.946|
display_en     |Seg_Out<1>     |    7.375|
display_en     |Seg_Out<2>     |    7.634|
display_en     |Seg_Out<3>     |    7.477|
display_en     |Seg_Out<4>     |    7.392|
display_en     |Seg_Out<5>     |    7.520|
display_en     |Seg_Out<6>     |    7.402|
---------------+---------------+---------+


Analysis completed Fri Jun 05 16:21:14 2020 
--------------------------------------------------------------------------------

Trace Settings:
-------------------------
Trace Settings 

Peak Memory Usage: 4470 MB



