AR seven_segment behavioral "C:/Users/NO GO BE/OneDrive/Desktop/Code/Integrated circuit design/lab03/seven_segment/seven_segment.vhd" sub00/vhpl01 1591338060
EN seven_segment NULL "C:/Users/NO GO BE/OneDrive/Desktop/Code/Integrated circuit design/lab03/seven_segment/seven_segment.vhd" sub00/vhpl00 1591338059
