V3 3
FL "C:/Users/NO GO BE/OneDrive/Desktop/Code/Integrated circuit design/lab03/seven_segment/seven_segment.vhd" 2020/06/04.15:45:45 P.20131013
EN work/seven_segment 1591338059 \
      FL "C:/Users/NO GO BE/OneDrive/Desktop/Code/Integrated circuit design/lab03/seven_segment/seven_segment.vhd" \
      PB ieee/std_logic_1164 1381692176
AR work/seven_segment/Behavioral 1591338060 \
      FL "C:/Users/NO GO BE/OneDrive/Desktop/Code/Integrated circuit design/lab03/seven_segment/seven_segment.vhd" \
      EN work/seven_segment 1591338059
