AR part1_modular behavioral "C:/Users/NO GO BE/OneDrive/Desktop/Code/Integrated circuit design/lab03/part1_modular/part1_modular.vhd" sub00/vhpl01 1591332699
EN part1_modular NULL "C:/Users/NO GO BE/OneDrive/Desktop/Code/Integrated circuit design/lab03/part1_modular/part1_modular.vhd" sub00/vhpl00 1591332698
