V3 3
FL "C:/Users/NO GO BE/OneDrive/Desktop/Code/Integrated circuit design/lab03/part1_modular/part1_modular.vhd" 2020/06/04.15:23:15 P.20131013
EN work/part1_modular 1591332698 \
      FL "C:/Users/NO GO BE/OneDrive/Desktop/Code/Integrated circuit design/lab03/part1_modular/part1_modular.vhd" \
      PB ieee/std_logic_1164 1381692176
AR work/part1_modular/Behavioral 1591332699 \
      FL "C:/Users/NO GO BE/OneDrive/Desktop/Code/Integrated circuit design/lab03/part1_modular/part1_modular.vhd" \
      EN work/part1_modular 1591332698
