V3 3
FL "C:/Users/NO GO BE/OneDrive/Desktop/Code/Integrated circuit design/lab02b/second_design.vhd" 2020/05/14.16:27:18 P.20131013
EN work/second_design 1589438141 \
      FL "C:/Users/NO GO BE/OneDrive/Desktop/Code/Integrated circuit design/lab02b/second_design.vhd" \
      PB ieee/std_logic_1164 1381692176
AR work/second_design/Behavioral 1589438142 \
      FL "C:/Users/NO GO BE/OneDrive/Desktop/Code/Integrated circuit design/lab02b/second_design.vhd" \
      EN work/second_design 1589438141
